# serializer version: 1
# name: test_entities
  dict({
    'binary_sensor.desky_desk_collision_detected': dict({
      'attributes': dict({
        'device_class': 'problem',
        'friendly_name': 'Desky Desk Collision detected',
      }),
      'disabled_by': None,
      'entity_category': 'diagnostic',
      'original_device_class': 'problem',
      'original_name': 'Collision detected',
      'platform': 'desky_desk',
      'state': 'off',
      'translation_key': 'collision',
      'unique_id': 'AA:BB:CC:DD:EE:FF_collision',
    }),
    'button.desky_desk_move_down': dict({
      'attributes': dict({
        'friendly_name': 'Desky Desk Move down',
      }),
      'disabled_by': None,
      'entity_category': None,
      'original_device_class': None,
      'original_name': 'Move down',
      'platform': 'desky_desk',
      'state': 'unknown',
      'translation_key': 'move_down',
      'unique_id': 'AA:BB:CC:DD:EE:FF_move_down',
    }),
    'button.desky_desk_move_up': dict({
      'attributes': dict({
        'friendly_name': 'Desky Desk Move up',
      }),
      'disabled_by': None,
      'entity_category': None,
      'original_device_class': None,
      'original_name': 'Move up',
      'platform': 'desky_desk',
      'state': 'unknown',
      'translation_key': 'move_up',
      'unique_id': 'AA:BB:CC:DD:EE:FF_move_up',
    }),
    'button.desky_desk_preset_1': dict({
      'attributes': dict({
        'friendly_name': 'Desky Desk Preset 1',
      }),
      'disabled_by': None,
      'entity_category': None,
      'original_device_class': None,
      'original_name': 'Preset 1',
      'platform': 'desky_desk',
      'state': 'unknown',
      'translation_key': 'preset',
      'unique_id': 'AA:BB:CC:DD:EE:FF_preset_1',
    }),
    'button.desky_desk_preset_2': dict({
      'attributes': dict({
        'friendly_name': 'Desky Desk Preset 2',
      }),
      'disabled_by': None,
      'entity_category': None,
      'original_device_class': None,
      'original_name': 'Preset 2',
      'platform': 'desky_desk',
      'state': 'unknown',
      'translation_key': 'preset',
      'unique_id': 'AA:BB:CC:DD:EE:FF_preset_2',
    }),
    'button.desky_desk_preset_3': dict({
      'attributes': dict({
        'friendly_name': 'Desky Desk Preset 3',
      }),
      'disabled_by': None,
      'entity_category': None,
      'original_device_class': None,
      'original_name': 'Preset 3',
      'platform': 'desky_desk',
      'state': 'unknown',
      'translation_key': 'preset',
      'unique_id': 'AA:BB:CC:DD:EE:FF_preset_3',
    }),
    'button.desky_desk_preset_4': dict({
      'attributes': dict({
        'friendly_name': 'Desky Desk Preset 4',
      }),
      'disabled_by': None,
      'entity_category': None,
      'original_device_class': None,
      'original_name': 'Preset 4',
      'platform': 'desky_desk',
      'state': 'unknown',
      'translation_key': 'preset',
      'unique_id': 'AA:BB:CC:DD:EE:FF_preset_4',
    }),
    'cover.desky_desk': dict({
      'attributes': dict({
        'current_position': 28,
        'friendly_name': 'Desky Desk',
        'supported_features': 15,
      }),
      'disabled_by': None,
      'entity_category': None,
      'original_device_class': None,
      'original_name': None,
      'platform': 'desky_desk',
      'state': 'open',
      'translation_key': 'desk',
      'unique_id': 'AA:BB:CC:DD:EE:FF_cover',
    }),
    'light.desky_desk_led_strip': dict({
      'attributes': dict({
        'brightness': 128,
        'color_mode': 'brightness',
        'effect': 'White',
        'effect_list': list([
          'White',
          'Red',
          'Green',
          'Blue',
          'Yellow',
          'Party mode',
        ]),
        'friendly_name': 'Desky Desk LED strip',
        'supported_color_modes': list([
          'brightness',
        ]),
        'supported_features': 4,
      }),
      'disabled_by': None,
      'entity_category': None,
      'original_device_class': None,
      'original_name': 'LED strip',
      'platform': 'desky_desk',
      'state': 'on',
      'translation_key': 'desk_light',
      'unique_id': 'AA:BB:CC:DD:EE:FF_led_strip',
    }),
    'number.desky_desk_height': dict({
      'attributes': dict({
        'friendly_name': 'Desky Desk Height',
        'max': 130.0,
        'min': 60.0,
        'mode': 'box',
        'step': 0.1,
        'unit_of_measurement': 'cm',
      }),
      'disabled_by': None,
      'entity_category': None,
      'original_device_class': None,
      'original_name': 'Height',
      'platform': 'desky_desk',
      'state': '80.0',
      'translation_key': 'height',
      'unique_id': 'AA:BB:CC:DD:EE:FF_height',
    }),
    'number.desky_desk_lower_height_limit': dict({
      'attributes': dict({
        'friendly_name': 'Desky Desk Lower height limit',
        'max': 130.0,
        'min': 60.0,
        'mode': 'box',
        'step': 1.0,
        'unit_of_measurement': 'cm',
      }),
      'disabled_by': None,
      'entity_category': 'config',
      'original_device_class': None,
      'original_name': 'Lower height limit',
      'platform': 'desky_desk',
      'state': '65.0',
      'translation_key': 'height_limit_lower',
      'unique_id': 'AA:BB:CC:DD:EE:FF_height_limit_lower',
    }),
    'number.desky_desk_upper_height_limit': dict({
      'attributes': dict({
        'friendly_name': 'Desky Desk Upper height limit',
        'max': 130.0,
        'min': 60.0,
        'mode': 'box',
        'step': 1.0,
        'unit_of_measurement': 'cm',
      }),
      'disabled_by': None,
      'entity_category': 'config',
      'original_device_class': None,
      'original_name': 'Upper height limit',
      'platform': 'desky_desk',
      'state': '120.0',
      'translation_key': 'height_limit_upper',
      'unique_id': 'AA:BB:CC:DD:EE:FF_height_limit_upper',
    }),
    'select.desky_desk_collision_sensitivity': dict({
      'attributes': dict({
        'friendly_name': 'Desky Desk Collision sensitivity',
        'options': list([
          'high',
          'medium',
          'low',
        ]),
      }),
      'disabled_by': None,
      'entity_category': 'config',
      'original_device_class': None,
      'original_name': 'Collision sensitivity',
      'platform': 'desky_desk',
      'state': 'medium',
      'translation_key': 'sensitivity',
      'unique_id': 'AA:BB:CC:DD:EE:FF_sensitivity',
    }),
    'select.desky_desk_display_unit': dict({
      'attributes': dict({
        'friendly_name': 'Desky Desk Display unit',
        'options': list([
          'cm',
          'in',
        ]),
      }),
      'disabled_by': None,
      'entity_category': 'config',
      'original_device_class': None,
      'original_name': 'Display unit',
      'platform': 'desky_desk',
      'state': 'cm',
      'translation_key': 'unit',
      'unique_id': 'AA:BB:CC:DD:EE:FF_unit',
    }),
    'select.desky_desk_touch_mode': dict({
      'attributes': dict({
        'friendly_name': 'Desky Desk Touch mode',
        'options': list([
          'one_press',
          'press_and_hold',
        ]),
      }),
      'disabled_by': None,
      'entity_category': 'config',
      'original_device_class': None,
      'original_name': 'Touch mode',
      'platform': 'desky_desk',
      'state': 'one_press',
      'translation_key': 'touch_mode',
      'unique_id': 'AA:BB:CC:DD:EE:FF_touch_mode',
    }),
    'sensor.desky_desk_height_display': dict({
      'attributes': dict({
        'device_class': 'distance',
        'friendly_name': 'Desky Desk Height display',
        'state_class': 'measurement',
        'unit_of_measurement': 'cm',
      }),
      'disabled_by': None,
      'entity_category': None,
      'original_device_class': 'distance',
      'original_name': 'Height display',
      'platform': 'desky_desk',
      'state': '80.0',
      'translation_key': 'height_display',
      'unique_id': 'AA:BB:CC:DD:EE:FF_height_display',
    }),
    'sensor.desky_desk_posture': dict({
      'attributes': dict({
        'device_class': 'enum',
        'friendly_name': 'Desky Desk Posture',
        'options': list([
          'sitting',
          'standing',
        ]),
      }),
      'disabled_by': None,
      'entity_category': None,
      'original_device_class': 'enum',
      'original_name': 'Posture',
      'platform': 'desky_desk',
      'state': 'unknown',
      'translation_key': 'posture',
      'unique_id': 'AA:BB:CC:DD:EE:FF_posture',
    }),
    'sensor.desky_desk_sitting_time_today': dict({
      'attributes': dict({
        'device_class': 'duration',
        'friendly_name': 'Desky Desk Sitting time today',
        'last_reset': '2026-10-07T00:00:00-07:00',
        'state_class': 'total',
        'unit_of_measurement': 'min',
      }),
      'disabled_by': None,
      'entity_category': None,
      'original_device_class': 'duration',
      'original_name': 'Sitting time today',
      'platform': 'desky_desk',
      'state': '0.0',
      'translation_key': 'sitting_time_today',
      'unique_id': 'AA:BB:CC:DD:EE:FF_sitting_time_today',
    }),
    'sensor.desky_desk_standing_time_today': dict({
      'attributes': dict({
        'device_class': 'duration',
        'friendly_name': 'Desky Desk Standing time today',
        'last_reset': '2026-10-07T00:00:00-07:00',
        'state_class': 'total',
        'unit_of_measurement': 'min',
      }),
      'disabled_by': None,
      'entity_category': None,
      'original_device_class': 'duration',
      'original_name': 'Standing time today',
      'platform': 'desky_desk',
      'state': '0.0',
      'translation_key': 'standing_time_today',
      'unique_id': 'AA:BB:CC:DD:EE:FF_standing_time_today',
    }),
    'switch.desky_desk_lock': dict({
      'attributes': dict({
        'friendly_name': 'Desky Desk Lock',
      }),
      'disabled_by': None,
      'entity_category': None,
      'original_device_class': None,
      'original_name': 'Lock',
      'platform': 'desky_desk',
      'state': 'off',
      'translation_key': 'lock',
      'unique_id': 'AA:BB:CC:DD:EE:FF_lock',
    }),
    'switch.desky_desk_vibration': dict({
      'attributes': dict({
        'friendly_name': 'Desky Desk Vibration',
      }),
      'disabled_by': None,
      'entity_category': 'config',
      'original_device_class': None,
      'original_name': 'Vibration',
      'platform': 'desky_desk',
      'state': 'on',
      'translation_key': 'vibration',
      'unique_id': 'AA:BB:CC:DD:EE:FF_vibration',
    }),
  })
# ---
